DEBUG - 2026-10-11 01:48:22 --> Session: Class initialized using 'CodeIgniter\Session\Handlers\FileHandler' driver.
CRITICAL - 2026-10-11 01:48:22 --> CodeIgniter\Exceptions\CriticalError: The required PHP extension "pgsql" is not loaded. Install and enable it to use "Postgre" driver.
[Method: GET, Route: Auth/Login]
in SYSTEMPATH\Database\Database.php on line 186.
 1 SYSTEMPATH\Database\Database.php(59): CodeIgniter\Database\Database->checkDbExtension('Postgre')
 2 SYSTEMPATH\Database\Config.php(82): CodeIgniter\Database\Database->load([...], 'default')
 3 SYSTEMPATH\Model.php(150): CodeIgniter\Database\Config::connect('default')
 4 APPPATH\Controllers\Auth.php(16): CodeIgniter\Model->__construct()
 5 SYSTEMPATH\CodeIgniter.php(921): App\Controllers\Auth->__construct()
 6 SYSTEMPATH\CodeIgniter.php(488): CodeIgniter\CodeIgniter->createController()
 7 SYSTEMPATH\CodeIgniter.php(340): CodeIgniter\CodeIgniter->handleRequest(null, Object(Config\Cache), false)
 8 SYSTEMPATH\Boot.php(417): CodeIgniter\CodeIgniter->run()
 9 SYSTEMPATH\Boot.php(68): CodeIgniter\Boot::runCodeIgniter(Object(CodeIgniter\CodeIgniter))
10 FCPATH\index.php(59): CodeIgniter\Boot::bootWeb(Object(Config\Paths))
DEBUG - 2026-10-11 01:50:06 --> Session: Class initialized using 'CodeIgniter\Session\Handlers\FileHandler' driver.
DEBUG - 2026-10-11 02:30:27 --> Session: Class initialized using 'CodeIgniter\Session\Handlers\FileHandler' driver.
DEBUG - 2026-10-11 02:30:29 --> Session: Class initialized using 'CodeIgniter\Session\Handlers\FileHandler' driver.
DEBUG - 2026-10-11 02:30:29 --> Session: Class initialized using 'CodeIgniter\Session\Handlers\FileHandler' driver.
DEBUG - 2026-10-11 02:30:41 --> Session: Class initialized using 'CodeIgniter\Session\Handlers\FileHandler' driver.
DEBUG - 2026-10-11 02:30:41 --> Session: Class initialized using 'CodeIgniter\Session\Handlers\FileHandler' driver.
WARNING - 2026-10-11 02:30:49 --> [DEPRECATED] Creation of dynamic property App\Controllers\Home::$ModelSetting is deprecated in APPPATH\Controllers\Home.php on line 13.
 1 SYSTEMPATH\CodeIgniter.php(921): App\Controllers\Home->__construct()
 2 SYSTEMPATH\CodeIgniter.php(488): CodeIgniter\CodeIgniter->createController()
 3 SYSTEMPATH\CodeIgniter.php(340): CodeIgniter\CodeIgniter->handleRequest(null, Object(Config\Cache), false)
 4 SYSTEMPATH\Boot.php(417): CodeIgniter\CodeIgniter->run()
 5 SYSTEMPATH\Boot.php(68): CodeIgniter\Boot::runCodeIgniter(Object(CodeIgniter\CodeIgniter))
 6 FCPATH\index.php(59): CodeIgniter\Boot::bootWeb(Object(Config\Paths))
WARNING - 2026-10-11 02:30:49 --> [DEPRECATED] Creation of dynamic property App\Controllers\Home::$ModelWilayah is deprecated in APPPATH\Controllers\Home.php on line 14.
 1 SYSTEMPATH\CodeIgniter.php(921): App\Controllers\Home->__construct()
 2 SYSTEMPATH\CodeIgniter.php(488): CodeIgniter\CodeIgniter->createController()
 3 SYSTEMPATH\CodeIgniter.php(340): CodeIgniter\CodeIgniter->handleRequest(null, Object(Config\Cache), false)
 4 SYSTEMPATH\Boot.php(417): CodeIgniter\CodeIgniter->run()
 5 SYSTEMPATH\Boot.php(68): CodeIgniter\Boot::runCodeIgniter(Object(CodeIgniter\CodeIgniter))
 6 FCPATH\index.php(59): CodeIgniter\Boot::bootWeb(Object(Config\Paths))
WARNING - 2026-10-11 02:30:49 --> [DEPRECATED] Creation of dynamic property App\Controllers\Home::$ModelBengkel is deprecated in APPPATH\Controllers\Home.php on line 15.
 1 SYSTEMPATH\CodeIgniter.php(921): App\Controllers\Home->__construct()
 2 SYSTEMPATH\CodeIgniter.php(488): CodeIgniter\CodeIgniter->createController()
 3 SYSTEMPATH\CodeIgniter.php(340): CodeIgniter\CodeIgniter->handleRequest(null, Object(Config\Cache), false)
 4 SYSTEMPATH\Boot.php(417): CodeIgniter\CodeIgniter->run()
 5 SYSTEMPATH\Boot.php(68): CodeIgniter\Boot::runCodeIgniter(Object(CodeIgniter\CodeIgniter))
 6 FCPATH\index.php(59): CodeIgniter\Boot::bootWeb(Object(Config\Paths))
ERROR - 2026-10-11 02:30:49 --> Error connecting to the database: ErrorException: pg_connect(): Unable to connect to PostgreSQL server: connection to server at &quot;localhost&quot; (::1), port 5432 failed: FATAL:  password authentication failed for user &quot;postgres&quot; in C:\laragon\www\gis_bengkel\system\Database\Postgre\Connection.php:78
Stack trace:
#0 [internal function]: CodeIgniter\Debug\Exceptions->errorHandler(2, 'pg_connect(): U...', 'C:\\laragon\\www\\...', 78)
#1 C:\laragon\www\gis_bengkel\system\Database\Postgre\Connection.php(78): pg_connect('host=localhost ...')
#2 C:\laragon\www\gis_bengkel\system\Database\BaseConnection.php(555): CodeIgniter\Database\Postgre\Connection->connect(false)
#3 C:\laragon\www\gis_bengkel\system\Database\BaseConnection.php(795): CodeIgniter\Database\BaseConnection->initialize()
#4 C:\laragon\www\gis_bengkel\system\Database\BaseBuilder.php(1649): CodeIgniter\Database\BaseConnection->query('SELECT *\nFROM "...', Array, false)
#5 C:\laragon\www\gis_bengkel\app\Models\ModelBengkel.php(13): CodeIgniter\Database\BaseBuilder->get()
#6 C:\laragon\www\gis_bengkel\app\Controllers\Home.php(20): App\Models\ModelBengkel->AllData()
#7 C:\laragon\www\gis_bengkel\system\CodeIgniter.php(951): App\Controllers\Home->index()
#8 C:\laragon\www\gis_bengkel\system\CodeIgniter.php(497): CodeIgniter\CodeIgniter->runController(Object(App\Controllers\Home))
#9 C:\laragon\www\gis_bengkel\system\CodeIgniter.php(340): CodeIgniter\CodeIgniter->handleRequest(NULL, Object(Config\Cache), false)
#10 C:\laragon\www\gis_bengkel\system\Boot.php(417): CodeIgniter\CodeIgniter->run()
#11 C:\laragon\www\gis_bengkel\system\Boot.php(68): CodeIgniter\Boot::runCodeIgniter(Object(CodeIgniter\CodeIgniter))
#12 C:\laragon\www\gis_bengkel\public\index.php(59): CodeIgniter\Boot::bootWeb(Object(Config\Paths))
#13 {main}
CRITICAL - 2026-10-11 02:30:49 --> CodeIgniter\Database\Exceptions\DatabaseException: Unable to connect to the database.
Main connection [Postgre]: pg_connect(): Unable to connect to PostgreSQL server: connection to server at &quot;localhost&quot; (::1), port 5432 failed: FATAL:  password authentication failed for user &quot;postgres&quot;
[Method: GET, Route: home]
in SYSTEMPATH\Database\BaseConnection.php on line 606.
 1 SYSTEMPATH\Database\BaseConnection.php(795): CodeIgniter\Database\BaseConnection->initialize()
 2 SYSTEMPATH\Database\BaseBuilder.php(1649): CodeIgniter\Database\BaseConnection->query('SELECT *
FROM "tbl_bengkel"
LEFT JOIN "tbl_kategori" ON "tbl_kategori"."id_kategori" = "tbl_bengkel"."id_kategori"', [], false)
 3 APPPATH\Models\ModelBengkel.php(13): CodeIgniter\Database\BaseBuilder->get()
 4 APPPATH\Controllers\Home.php(20): App\Models\ModelBengkel->AllData()
 5 SYSTEMPATH\CodeIgniter.php(951): App\Controllers\Home->index()
 6 SYSTEMPATH\CodeIgniter.php(497): CodeIgniter\CodeIgniter->runController(Object(App\Controllers\Home))
 7 SYSTEMPATH\CodeIgniter.php(340): CodeIgniter\CodeIgniter->handleRequest(null, Object(Config\Cache), false)
 8 SYSTEMPATH\Boot.php(417): CodeIgniter\CodeIgniter->run()
 9 SYSTEMPATH\Boot.php(68): CodeIgniter\Boot::runCodeIgniter(Object(CodeIgniter\CodeIgniter))
10 FCPATH\index.php(59): CodeIgniter\Boot::bootWeb(Object(Config\Paths))
WARNING - 2026-10-11 02:31:50 --> [DEPRECATED] Creation of dynamic property App\Controllers\Home::$ModelSetting is deprecated in APPPATH\Controllers\Home.php on line 13.
 1 SYSTEMPATH\CodeIgniter.php(921): App\Controllers\Home->__construct()
 2 SYSTEMPATH\CodeIgniter.php(488): CodeIgniter\CodeIgniter->createController()
 3 SYSTEMPATH\CodeIgniter.php(340): CodeIgniter\CodeIgniter->handleRequest(null, Object(Config\Cache), false)
 4 SYSTEMPATH\Boot.php(417): CodeIgniter\CodeIgniter->run()
 5 SYSTEMPATH\Boot.php(68): CodeIgniter\Boot::runCodeIgniter(Object(CodeIgniter\CodeIgniter))
 6 FCPATH\index.php(59): CodeIgniter\Boot::bootWeb(Object(Config\Paths))
WARNING - 2026-10-11 02:31:50 --> [DEPRECATED] Creation of dynamic property App\Controllers\Home::$ModelWilayah is deprecated in APPPATH\Controllers\Home.php on line 14.
 1 SYSTEMPATH\CodeIgniter.php(921): App\Controllers\Home->__construct()
 2 SYSTEMPATH\CodeIgniter.php(488): CodeIgniter\CodeIgniter->createController()
 3 SYSTEMPATH\CodeIgniter.php(340): CodeIgniter\CodeIgniter->handleRequest(null, Object(Config\Cache), false)
 4 SYSTEMPATH\Boot.php(417): CodeIgniter\CodeIgniter->run()
 5 SYSTEMPATH\Boot.php(68): CodeIgniter\Boot::runCodeIgniter(Object(CodeIgniter\CodeIgniter))
 6 FCPATH\index.php(59): CodeIgniter\Boot::bootWeb(Object(Config\Paths))
WARNING - 2026-10-11 02:31:50 --> [DEPRECATED] Creation of dynamic property App\Controllers\Home::$ModelBengkel is deprecated in APPPATH\Controllers\Home.php on line 15.
 1 SYSTEMPATH\CodeIgniter.php(921): App\Controllers\Home->__construct()
 2 SYSTEMPATH\CodeIgniter.php(488): CodeIgniter\CodeIgniter->createController()
 3 SYSTEMPATH\CodeIgniter.php(340): CodeIgniter\CodeIgniter->handleRequest(null, Object(Config\Cache), false)
 4 SYSTEMPATH\Boot.php(417): CodeIgniter\CodeIgniter->run()
 5 SYSTEMPATH\Boot.php(68): CodeIgniter\Boot::runCodeIgniter(Object(CodeIgniter\CodeIgniter))
 6 FCPATH\index.php(59): CodeIgniter\Boot::bootWeb(Object(Config\Paths))
WARNING - 2026-10-11 02:32:13 --> [DEPRECATED] Creation of dynamic property App\Controllers\Home::$ModelSetting is deprecated in APPPATH\Controllers\Home.php on line 13.
 1 SYSTEMPATH\CodeIgniter.php(921): App\Controllers\Home->__construct()
 2 SYSTEMPATH\CodeIgniter.php(488): CodeIgniter\CodeIgniter->createController()
 3 SYSTEMPATH\CodeIgniter.php(340): CodeIgniter\CodeIgniter->handleRequest(null, Object(Config\Cache), false)
 4 SYSTEMPATH\Boot.php(417): CodeIgniter\CodeIgniter->run()
 5 SYSTEMPATH\Boot.php(68): CodeIgniter\Boot::runCodeIgniter(Object(CodeIgniter\CodeIgniter))
 6 FCPATH\index.php(59): CodeIgniter\Boot::bootWeb(Object(Config\Paths))
WARNING - 2026-10-11 02:32:13 --> [DEPRECATED] Creation of dynamic property App\Controllers\Home::$ModelWilayah is deprecated in APPPATH\Controllers\Home.php on line 14.
 1 SYSTEMPATH\CodeIgniter.php(921): App\Controllers\Home->__construct()
 2 SYSTEMPATH\CodeIgniter.php(488): CodeIgniter\CodeIgniter->createController()
 3 SYSTEMPATH\CodeIgniter.php(340): CodeIgniter\CodeIgniter->handleRequest(null, Object(Config\Cache), false)
 4 SYSTEMPATH\Boot.php(417): CodeIgniter\CodeIgniter->run()
 5 SYSTEMPATH\Boot.php(68): CodeIgniter\Boot::runCodeIgniter(Object(CodeIgniter\CodeIgniter))
 6 FCPATH\index.php(59): CodeIgniter\Boot::bootWeb(Object(Config\Paths))
WARNING - 2026-10-11 02:32:13 --> [DEPRECATED] Creation of dynamic property App\Controllers\Home::$ModelBengkel is deprecated in APPPATH\Controllers\Home.php on line 15.
 1 SYSTEMPATH\CodeIgniter.php(921): App\Controllers\Home->__construct()
 2 SYSTEMPATH\CodeIgniter.php(488): CodeIgniter\CodeIgniter->createController()
 3 SYSTEMPATH\CodeIgniter.php(340): CodeIgniter\CodeIgniter->handleRequest(null, Object(Config\Cache), false)
 4 SYSTEMPATH\Boot.php(417): CodeIgniter\CodeIgniter->run()
 5 SYSTEMPATH\Boot.php(68): CodeIgniter\Boot::runCodeIgniter(Object(CodeIgniter\CodeIgniter))
 6 FCPATH\index.php(59): CodeIgniter\Boot::bootWeb(Object(Config\Paths))
DEBUG - 2026-10-11 02:32:15 --> Session: Class initialized using 'CodeIgniter\Session\Handlers\FileHandler' driver.
WARNING - 2026-10-11 02:32:16 --> [DEPRECATED] Creation of dynamic property App\Controllers\Home::$ModelSetting is deprecated in APPPATH\Controllers\Home.php on line 13.
 1 SYSTEMPATH\CodeIgniter.php(921): App\Controllers\Home->__construct()
 2 SYSTEMPATH\CodeIgniter.php(488): CodeIgniter\CodeIgniter->createController()
 3 SYSTEMPATH\CodeIgniter.php(340): CodeIgniter\CodeIgniter->handleRequest(null, Object(Config\Cache), false)
 4 SYSTEMPATH\Boot.php(417): CodeIgniter\CodeIgniter->run()
 5 SYSTEMPATH\Boot.php(68): CodeIgniter\Boot::runCodeIgniter(Object(CodeIgniter\CodeIgniter))
 6 FCPATH\index.php(59): CodeIgniter\Boot::bootWeb(Object(Config\Paths))
WARNING - 2026-10-11 02:32:16 --> [DEPRECATED] Creation of dynamic property App\Controllers\Home::$ModelWilayah is deprecated in APPPATH\Controllers\Home.php on line 14.
 1 SYSTEMPATH\CodeIgniter.php(921): App\Controllers\Home->__construct()
 2 SYSTEMPATH\CodeIgniter.php(488): CodeIgniter\CodeIgniter->createController()
 3 SYSTEMPATH\CodeIgniter.php(340): CodeIgniter\CodeIgniter->handleRequest(null, Object(Config\Cache), false)
 4 SYSTEMPATH\Boot.php(417): CodeIgniter\CodeIgniter->run()
 5 SYSTEMPATH\Boot.php(68): CodeIgniter\Boot::runCodeIgniter(Object(CodeIgniter\CodeIgniter))
 6 FCPATH\index.php(59): CodeIgniter\Boot::bootWeb(Object(Config\Paths))
WARNING - 2026-10-11 02:32:16 --> [DEPRECATED] Creation of dynamic property App\Controllers\Home::$ModelBengkel is deprecated in APPPATH\Controllers\Home.php on line 15.
 1 SYSTEMPATH\CodeIgniter.php(921): App\Controllers\Home->__construct()
 2 SYSTEMPATH\CodeIgniter.php(488): CodeIgniter\CodeIgniter->createController()
 3 SYSTEMPATH\CodeIgniter.php(340): CodeIgniter\CodeIgniter->handleRequest(null, Object(Config\Cache), false)
 4 SYSTEMPATH\Boot.php(417): CodeIgniter\CodeIgniter->run()
 5 SYSTEMPATH\Boot.php(68): CodeIgniter\Boot::runCodeIgniter(Object(CodeIgniter\CodeIgniter))
 6 FCPATH\index.php(59): CodeIgniter\Boot::bootWeb(Object(Config\Paths))
DEBUG - 2026-10-11 02:32:22 --> Session: Class initialized using 'CodeIgniter\Session\Handlers\FileHandler' driver.
DEBUG - 2026-10-11 02:32:34 --> Session: Class initialized using 'CodeIgniter\Session\Handlers\FileHandler' driver.
DEBUG - 2026-10-11 02:32:34 --> Session: Class initialized using 'CodeIgniter\Session\Handlers\FileHandler' driver.
ERROR - 2026-10-11 02:34:24 --> pg_query(): Query failed: ERROR:  operator does not exist: integer = character varying
LINE 8: ... JOIN gis_bengkel.tbl_provinsi p ON b.id_provinsi = p.id_pro...
                                                             ^
HINT:  No operator matches the given name and argument types. You might need to add explicit type casts.
in SYSTEMPATH\Database\Postgre\Connection.php on line 200.
 1 SYSTEMPATH\Database\BaseConnection.php(910): CodeIgniter\Database\Postgre\Connection->execute('
            SELECT b.*, 
                   p.nama_provinsi,
                   k.nama_kabupaten,
                   kc.nama_kecamatan,
                   w.nama_wilayah
            FROM gis_bengkel.tbl_bengkel b
            LEFT JOIN gis_bengkel.tbl_provinsi p ON b.id_provinsi = p.id_provinsi
            LEFT JOIN gis_bengkel.tbl_kabupaten k ON b.id_kabupaten = k.id_kabupaten
            LEFT JOIN gis_bengkel.tbl_kecamatan kc ON b.id_kecamatan = kc.id_kecamatan
            LEFT JOIN gis_bengkel.tbl_wilayah w ON b.id_wilayah = w.id_wilayah
        ')
 2 SYSTEMPATH\Database\BaseConnection.php(827): CodeIgniter\Database\BaseConnection->simpleQuery('
            SELECT b.*, 
                   p.nama_provinsi,
                   k.nama_kabupaten,
                   kc.nama_kecamatan,
                   w.nama_wilayah
            FROM gis_bengkel.tbl_bengkel b
            LEFT JOIN gis_bengkel.tbl_provinsi p ON b.id_provinsi = p.id_provinsi
            LEFT JOIN gis_bengkel.tbl_kabupaten k ON b.id_kabupaten = k.id_kabupaten
            LEFT JOIN gis_bengkel.tbl_kecamatan kc ON b.id_kecamatan = kc.id_kecamatan
            LEFT JOIN gis_bengkel.tbl_wilayah w ON b.id_wilayah = w.id_wilayah
        ')
 3 APPPATH\Controllers\Api\Bengkel.php(15): CodeIgniter\Database\BaseConnection->query('
            SELECT b.*, 
                   p.nama_provinsi,
                   k.nama_kabupaten,
                   kc.nama_kecamatan,
                   w.nama_wilayah
            FROM gis_bengkel.tbl_bengkel b
            LEFT JOIN gis_bengkel.tbl_provinsi p ON b.id_provinsi = p.id_provinsi
            LEFT JOIN gis_bengkel.tbl_kabupaten k ON b.id_kabupaten = k.id_kabupaten
            LEFT JOIN gis_bengkel.tbl_kecamatan kc ON b.id_kecamatan = kc.id_kecamatan
            LEFT JOIN gis_bengkel.tbl_wilayah w ON b.id_wilayah = w.id_wilayah
        ')
 4 SYSTEMPATH\CodeIgniter.php(951): App\Controllers\Api\Bengkel->index()
 5 SYSTEMPATH\CodeIgniter.php(497): CodeIgniter\CodeIgniter->runController(Object(App\Controllers\Api\Bengkel))
 6 SYSTEMPATH\CodeIgniter.php(340): CodeIgniter\CodeIgniter->handleRequest(null, Object(Config\Cache), false)
 7 SYSTEMPATH\Boot.php(417): CodeIgniter\CodeIgniter->run()
 8 SYSTEMPATH\Boot.php(68): CodeIgniter\Boot::runCodeIgniter(Object(CodeIgniter\CodeIgniter))
 9 FCPATH\index.php(59): CodeIgniter\Boot::bootWeb(Object(Config\Paths))
CRITICAL - 2026-10-11 02:34:24 --> CodeIgniter\Database\Exceptions\DatabaseException: pg_query(): Query failed: ERROR:  operator does not exist: integer = character varying
LINE 8: ... JOIN gis_bengkel.tbl_provinsi p ON b.id_provinsi = p.id_pro...
                                                             ^
HINT:  No operator matches the given name and argument types. You might need to add explicit type casts.
[Method: GET, Route: api/bengkel]
in SYSTEMPATH\Database\BaseConnection.php on line 865.
 1 APPPATH\Controllers\Api\Bengkel.php(15): CodeIgniter\Database\BaseConnection->query('
            SELECT b.*, 
                   p.nama_provinsi,
                   k.nama_kabupaten,
                   kc.nama_kecamatan,
                   w.nama_wilayah
            FROM gis_bengkel.tbl_bengkel b
            LEFT JOIN gis_bengkel.tbl_provinsi p ON b.id_provinsi = p.id_provinsi
            LEFT JOIN gis_bengkel.tbl_kabupaten k ON b.id_kabupaten = k.id_kabupaten
            LEFT JOIN gis_bengkel.tbl_kecamatan kc ON b.id_kecamatan = kc.id_kecamatan
            LEFT JOIN gis_bengkel.tbl_wilayah w ON b.id_wilayah = w.id_wilayah
        ')
 2 SYSTEMPATH\CodeIgniter.php(951): App\Controllers\Api\Bengkel->index()
 3 SYSTEMPATH\CodeIgniter.php(497): CodeIgniter\CodeIgniter->runController(Object(App\Controllers\Api\Bengkel))
 4 SYSTEMPATH\CodeIgniter.php(340): CodeIgniter\CodeIgniter->handleRequest(null, Object(Config\Cache), false)
 5 SYSTEMPATH\Boot.php(417): CodeIgniter\CodeIgniter->run()
 6 SYSTEMPATH\Boot.php(68): CodeIgniter\Boot::runCodeIgniter(Object(CodeIgniter\CodeIgniter))
 7 FCPATH\index.php(59): CodeIgniter\Boot::bootWeb(Object(Config\Paths))
CRITICAL - 2026-10-11 02:34:24 --> [Caused by] CodeIgniter\Database\Exceptions\DatabaseException: pg_query(): Query failed: ERROR:  operator does not exist: integer = character varying
LINE 8: ... JOIN gis_bengkel.tbl_provinsi p ON b.id_provinsi = p.id_pro...
                                                             ^
HINT:  No operator matches the given name and argument types. You might need to add explicit type casts.
in SYSTEMPATH\Database\Postgre\Connection.php on line 212.
 1 SYSTEMPATH\Database\BaseConnection.php(910): CodeIgniter\Database\Postgre\Connection->execute('
            SELECT b.*, 
                   p.nama_provinsi,
                   k.nama_kabupaten,
                   kc.nama_kecamatan,
                   w.nama_wilayah
            FROM gis_bengkel.tbl_bengkel b
            LEFT JOIN gis_bengkel.tbl_provinsi p ON b.id_provinsi = p.id_provinsi
            LEFT JOIN gis_bengkel.tbl_kabupaten k ON b.id_kabupaten = k.id_kabupaten
            LEFT JOIN gis_bengkel.tbl_kecamatan kc ON b.id_kecamatan = kc.id_kecamatan
            LEFT JOIN gis_bengkel.tbl_wilayah w ON b.id_wilayah = w.id_wilayah
        ')
 2 SYSTEMPATH\Database\BaseConnection.php(827): CodeIgniter\Database\BaseConnection->simpleQuery('
            SELECT b.*, 
                   p.nama_provinsi,
                   k.nama_kabupaten,
                   kc.nama_kecamatan,
                   w.nama_wilayah
            FROM gis_bengkel.tbl_bengkel b
            LEFT JOIN gis_bengkel.tbl_provinsi p ON b.id_provinsi = p.id_provinsi
            LEFT JOIN gis_bengkel.tbl_kabupaten k ON b.id_kabupaten = k.id_kabupaten
            LEFT JOIN gis_bengkel.tbl_kecamatan kc ON b.id_kecamatan = kc.id_kecamatan
            LEFT JOIN gis_bengkel.tbl_wilayah w ON b.id_wilayah = w.id_wilayah
        ')
 3 APPPATH\Controllers\Api\Bengkel.php(15): CodeIgniter\Database\BaseConnection->query('
            SELECT b.*, 
                   p.nama_provinsi,
                   k.nama_kabupaten,
                   kc.nama_kecamatan,
                   w.nama_wilayah
            FROM gis_bengkel.tbl_bengkel b
            LEFT JOIN gis_bengkel.tbl_provinsi p ON b.id_provinsi = p.id_provinsi
            LEFT JOIN gis_bengkel.tbl_kabupaten k ON b.id_kabupaten = k.id_kabupaten
            LEFT JOIN gis_bengkel.tbl_kecamatan kc ON b.id_kecamatan = kc.id_kecamatan
            LEFT JOIN gis_bengkel.tbl_wilayah w ON b.id_wilayah = w.id_wilayah
        ')
 4 SYSTEMPATH\CodeIgniter.php(951): App\Controllers\Api\Bengkel->index()
 5 SYSTEMPATH\CodeIgniter.php(497): CodeIgniter\CodeIgniter->runController(Object(App\Controllers\Api\Bengkel))
 6 SYSTEMPATH\CodeIgniter.php(340): CodeIgniter\CodeIgniter->handleRequest(null, Object(Config\Cache), false)
 7 SYSTEMPATH\Boot.php(417): CodeIgniter\CodeIgniter->run()
 8 SYSTEMPATH\Boot.php(68): CodeIgniter\Boot::runCodeIgniter(Object(CodeIgniter\CodeIgniter))
 9 FCPATH\index.php(59): CodeIgniter\Boot::bootWeb(Object(Config\Paths))
CRITICAL - 2026-10-11 02:34:24 --> [Caused by] ErrorException: pg_query(): Query failed: ERROR:  operator does not exist: integer = character varying
LINE 8: ... JOIN gis_bengkel.tbl_provinsi p ON b.id_provinsi = p.id_pro...
                                                             ^
HINT:  No operator matches the given name and argument types. You might need to add explicit type casts.
in SYSTEMPATH\Database\Postgre\Connection.php on line 200.
 1 [internal function]: CodeIgniter\Debug\Exceptions->errorHandler(2, 'pg_query(): Query failed: ERROR:  operator does not exist: integer = character varying
LINE 8: ... JOIN gis_bengkel.tbl_provinsi p ON b.id_provinsi = p.id_pro...
                                                             ^
HINT:  No operator matches the given name and argument types. You might need to add explicit type casts.', 'C:\\laragon\\www\\gis_bengkel\\system\\Database\\Postgre\\Connection.php', 200)
 2 SYSTEMPATH\Database\Postgre\Connection.php(200): pg_query(Object(PgSql\Connection), '
            SELECT b.*, 
                   p.nama_provinsi,
                   k.nama_kabupaten,
                   kc.nama_kecamatan,
                   w.nama_wilayah
            FROM gis_bengkel.tbl_bengkel b
            LEFT JOIN gis_bengkel.tbl_provinsi p ON b.id_provinsi = p.id_provinsi
            LEFT JOIN gis_bengkel.tbl_kabupaten k ON b.id_kabupaten = k.id_kabupaten
            LEFT JOIN gis_bengkel.tbl_kecamatan kc ON b.id_kecamatan = kc.id_kecamatan
            LEFT JOIN gis_bengkel.tbl_wilayah w ON b.id_wilayah = w.id_wilayah
        ')
 3 SYSTEMPATH\Database\BaseConnection.php(910): CodeIgniter\Database\Postgre\Connection->execute('
            SELECT b.*, 
                   p.nama_provinsi,
                   k.nama_kabupaten,
                   kc.nama_kecamatan,
                   w.nama_wilayah
            FROM gis_bengkel.tbl_bengkel b
            LEFT JOIN gis_bengkel.tbl_provinsi p ON b.id_provinsi = p.id_provinsi
            LEFT JOIN gis_bengkel.tbl_kabupaten k ON b.id_kabupaten = k.id_kabupaten
            LEFT JOIN gis_bengkel.tbl_kecamatan kc ON b.id_kecamatan = kc.id_kecamatan
            LEFT JOIN gis_bengkel.tbl_wilayah w ON b.id_wilayah = w.id_wilayah
        ')
 4 SYSTEMPATH\Database\BaseConnection.php(827): CodeIgniter\Database\BaseConnection->simpleQuery('
            SELECT b.*, 
                   p.nama_provinsi,
                   k.nama_kabupaten,
                   kc.nama_kecamatan,
                   w.nama_wilayah
            FROM gis_bengkel.tbl_bengkel b
            LEFT JOIN gis_bengkel.tbl_provinsi p ON b.id_provinsi = p.id_provinsi
            LEFT JOIN gis_bengkel.tbl_kabupaten k ON b.id_kabupaten = k.id_kabupaten
            LEFT JOIN gis_bengkel.tbl_kecamatan kc ON b.id_kecamatan = kc.id_kecamatan
            LEFT JOIN gis_bengkel.tbl_wilayah w ON b.id_wilayah = w.id_wilayah
        ')
 5 APPPATH\Controllers\Api\Bengkel.php(15): CodeIgniter\Database\BaseConnection->query('
            SELECT b.*, 
                   p.nama_provinsi,
                   k.nama_kabupaten,
                   kc.nama_kecamatan,
                   w.nama_wilayah
            FROM gis_bengkel.tbl_bengkel b
            LEFT JOIN gis_bengkel.tbl_provinsi p ON b.id_provinsi = p.id_provinsi
            LEFT JOIN gis_bengkel.tbl_kabupaten k ON b.id_kabupaten = k.id_kabupaten
            LEFT JOIN gis_bengkel.tbl_kecamatan kc ON b.id_kecamatan = kc.id_kecamatan
            LEFT JOIN gis_bengkel.tbl_wilayah w ON b.id_wilayah = w.id_wilayah
        ')
 6 SYSTEMPATH\CodeIgniter.php(951): App\Controllers\Api\Bengkel->index()
 7 SYSTEMPATH\CodeIgniter.php(497): CodeIgniter\CodeIgniter->runController(Object(App\Controllers\Api\Bengkel))
 8 SYSTEMPATH\CodeIgniter.php(340): CodeIgniter\CodeIgniter->handleRequest(null, Object(Config\Cache), false)
 9 SYSTEMPATH\Boot.php(417): CodeIgniter\CodeIgniter->run()
10 SYSTEMPATH\Boot.php(68): CodeIgniter\Boot::runCodeIgniter(Object(CodeIgniter\CodeIgniter))
11 FCPATH\index.php(59): CodeIgniter\Boot::bootWeb(Object(Config\Paths))
ERROR - 2026-10-11 02:35:28 --> pg_query(): Query failed: ERROR:  operator does not exist: integer = character varying
LINE 9: ... JOIN gis_bengkel.tbl_provinsi p ON b.id_provinsi = p.id_pro...
                                                             ^
HINT:  No operator matches the given name and argument types. You might need to add explicit type casts.
in SYSTEMPATH\Database\Postgre\Connection.php on line 200.
 1 SYSTEMPATH\Database\BaseConnection.php(910): CodeIgniter\Database\Postgre\Connection->execute('
            SELECT b.*, 
                   p.nama_provinsi,
                   k.nama_kabupaten,
                   kc.nama_kecamatan,
                   w.nama_wilayah,
                   w.geojson
            FROM gis_bengkel.tbl_bengkel b
            LEFT JOIN gis_bengkel.tbl_provinsi p ON b.id_provinsi = p.id_provinsi
            LEFT JOIN gis_bengkel.tbl_kabupaten k ON b.id_kabupaten = k.id_kabupaten
            LEFT JOIN gis_bengkel.tbl_kecamatan kc ON b.id_kecamatan = kc.id_kecamatan
            LEFT JOIN gis_bengkel.tbl_wilayah w ON b.id_wilayah = w.id_wilayah
            WHERE b.id_bengkel = 1
        ')
 2 SYSTEMPATH\Database\BaseConnection.php(827): CodeIgniter\Database\BaseConnection->simpleQuery('
            SELECT b.*, 
                   p.nama_provinsi,
                   k.nama_kabupaten,
                   kc.nama_kecamatan,
                   w.nama_wilayah,
                   w.geojson
            FROM gis_bengkel.tbl_bengkel b
            LEFT JOIN gis_bengkel.tbl_provinsi p ON b.id_provinsi = p.id_provinsi
            LEFT JOIN gis_bengkel.tbl_kabupaten k ON b.id_kabupaten = k.id_kabupaten
            LEFT JOIN gis_bengkel.tbl_kecamatan kc ON b.id_kecamatan = kc.id_kecamatan
            LEFT JOIN gis_bengkel.tbl_wilayah w ON b.id_wilayah = w.id_wilayah
            WHERE b.id_bengkel = 1
        ')
 3 APPPATH\Controllers\Api\Bengkel.php(39): CodeIgniter\Database\BaseConnection->query('
            SELECT b.*, 
                   p.nama_provinsi,
                   k.nama_kabupaten,
                   kc.nama_kecamatan,
                   w.nama_wilayah,
                   w.geojson
            FROM gis_bengkel.tbl_bengkel b
            LEFT JOIN gis_bengkel.tbl_provinsi p ON b.id_provinsi = p.id_provinsi
            LEFT JOIN gis_bengkel.tbl_kabupaten k ON b.id_kabupaten = k.id_kabupaten
            LEFT JOIN gis_bengkel.tbl_kecamatan kc ON b.id_kecamatan = kc.id_kecamatan
            LEFT JOIN gis_bengkel.tbl_wilayah w ON b.id_wilayah = w.id_wilayah
            WHERE b.id_bengkel = 1
        ')
 4 SYSTEMPATH\CodeIgniter.php(951): App\Controllers\Api\Bengkel->show('1')
 5 SYSTEMPATH\CodeIgniter.php(497): CodeIgniter\CodeIgniter->runController(Object(App\Controllers\Api\Bengkel))
 6 SYSTEMPATH\CodeIgniter.php(340): CodeIgniter\CodeIgniter->handleRequest(null, Object(Config\Cache), false)
 7 SYSTEMPATH\Boot.php(417): CodeIgniter\CodeIgniter->run()
 8 SYSTEMPATH\Boot.php(68): CodeIgniter\Boot::runCodeIgniter(Object(CodeIgniter\CodeIgniter))
 9 FCPATH\index.php(59): CodeIgniter\Boot::bootWeb(Object(Config\Paths))
CRITICAL - 2026-10-11 02:35:28 --> CodeIgniter\Database\Exceptions\DatabaseException: pg_query(): Query failed: ERROR:  operator does not exist: integer = character varying
LINE 9: ... JOIN gis_bengkel.tbl_provinsi p ON b.id_provinsi = p.id_pro...
                                                             ^
HINT:  No operator matches the given name and argument types. You might need to add explicit type casts.
[Method: GET, Route: api/bengkel/1]
in SYSTEMPATH\Database\BaseConnection.php on line 865.
 1 APPPATH\Controllers\Api\Bengkel.php(39): CodeIgniter\Database\BaseConnection->query('
            SELECT b.*, 
                   p.nama_provinsi,
                   k.nama_kabupaten,
                   kc.nama_kecamatan,
                   w.nama_wilayah,
                   w.geojson
            FROM gis_bengkel.tbl_bengkel b
            LEFT JOIN gis_bengkel.tbl_provinsi p ON b.id_provinsi = p.id_provinsi
            LEFT JOIN gis_bengkel.tbl_kabupaten k ON b.id_kabupaten = k.id_kabupaten
            LEFT JOIN gis_bengkel.tbl_kecamatan kc ON b.id_kecamatan = kc.id_kecamatan
            LEFT JOIN gis_bengkel.tbl_wilayah w ON b.id_wilayah = w.id_wilayah
            WHERE b.id_bengkel = 1
        ')
 2 SYSTEMPATH\CodeIgniter.php(951): App\Controllers\Api\Bengkel->show('1')
 3 SYSTEMPATH\CodeIgniter.php(497): CodeIgniter\CodeIgniter->runController(Object(App\Controllers\Api\Bengkel))
 4 SYSTEMPATH\CodeIgniter.php(340): CodeIgniter\CodeIgniter->handleRequest(null, Object(Config\Cache), false)
 5 SYSTEMPATH\Boot.php(417): CodeIgniter\CodeIgniter->run()
 6 SYSTEMPATH\Boot.php(68): CodeIgniter\Boot::runCodeIgniter(Object(CodeIgniter\CodeIgniter))
 7 FCPATH\index.php(59): CodeIgniter\Boot::bootWeb(Object(Config\Paths))
CRITICAL - 2026-10-11 02:35:28 --> [Caused by] CodeIgniter\Database\Exceptions\DatabaseException: pg_query(): Query failed: ERROR:  operator does not exist: integer = character varying
LINE 9: ... JOIN gis_bengkel.tbl_provinsi p ON b.id_provinsi = p.id_pro...
                                                             ^
HINT:  No operator matches the given name and argument types. You might need to add explicit type casts.
in SYSTEMPATH\Database\Postgre\Connection.php on line 212.
 1 SYSTEMPATH\Database\BaseConnection.php(910): CodeIgniter\Database\Postgre\Connection->execute('
            SELECT b.*, 
                   p.nama_provinsi,
                   k.nama_kabupaten,
                   kc.nama_kecamatan,
                   w.nama_wilayah,
                   w.geojson
            FROM gis_bengkel.tbl_bengkel b
            LEFT JOIN gis_bengkel.tbl_provinsi p ON b.id_provinsi = p.id_provinsi
            LEFT JOIN gis_bengkel.tbl_kabupaten k ON b.id_kabupaten = k.id_kabupaten
            LEFT JOIN gis_bengkel.tbl_kecamatan kc ON b.id_kecamatan = kc.id_kecamatan
            LEFT JOIN gis_bengkel.tbl_wilayah w ON b.id_wilayah = w.id_wilayah
            WHERE b.id_bengkel = 1
        ')
 2 SYSTEMPATH\Database\BaseConnection.php(827): CodeIgniter\Database\BaseConnection->simpleQuery('
            SELECT b.*, 
                   p.nama_provinsi,
                   k.nama_kabupaten,
                   kc.nama_kecamatan,
                   w.nama_wilayah,
                   w.geojson
            FROM gis_bengkel.tbl_bengkel b
            LEFT JOIN gis_bengkel.tbl_provinsi p ON b.id_provinsi = p.id_provinsi
            LEFT JOIN gis_bengkel.tbl_kabupaten k ON b.id_kabupaten = k.id_kabupaten
            LEFT JOIN gis_bengkel.tbl_kecamatan kc ON b.id_kecamatan = kc.id_kecamatan
            LEFT JOIN gis_bengkel.tbl_wilayah w ON b.id_wilayah = w.id_wilayah
            WHERE b.id_bengkel = 1
        ')
 3 APPPATH\Controllers\Api\Bengkel.php(39): CodeIgniter\Database\BaseConnection->query('
            SELECT b.*, 
                   p.nama_provinsi,
                   k.nama_kabupaten,
                   kc.nama_kecamatan,
                   w.nama_wilayah,
                   w.geojson
            FROM gis_bengkel.tbl_bengkel b
            LEFT JOIN gis_bengkel.tbl_provinsi p ON b.id_provinsi = p.id_provinsi
            LEFT JOIN gis_bengkel.tbl_kabupaten k ON b.id_kabupaten = k.id_kabupaten
            LEFT JOIN gis_bengkel.tbl_kecamatan kc ON b.id_kecamatan = kc.id_kecamatan
            LEFT JOIN gis_bengkel.tbl_wilayah w ON b.id_wilayah = w.id_wilayah
            WHERE b.id_bengkel = 1
        ')
 4 SYSTEMPATH\CodeIgniter.php(951): App\Controllers\Api\Bengkel->show('1')
 5 SYSTEMPATH\CodeIgniter.php(497): CodeIgniter\CodeIgniter->runController(Object(App\Controllers\Api\Bengkel))
 6 SYSTEMPATH\CodeIgniter.php(340): CodeIgniter\CodeIgniter->handleRequest(null, Object(Config\Cache), false)
 7 SYSTEMPATH\Boot.php(417): CodeIgniter\CodeIgniter->run()
 8 SYSTEMPATH\Boot.php(68): CodeIgniter\Boot::runCodeIgniter(Object(CodeIgniter\CodeIgniter))
 9 FCPATH\index.php(59): CodeIgniter\Boot::bootWeb(Object(Config\Paths))
CRITICAL - 2026-10-11 02:35:28 --> [Caused by] ErrorException: pg_query(): Query failed: ERROR:  operator does not exist: integer = character varying
LINE 9: ... JOIN gis_bengkel.tbl_provinsi p ON b.id_provinsi = p.id_pro...
                                                             ^
HINT:  No operator matches the given name and argument types. You might need to add explicit type casts.
in SYSTEMPATH\Database\Postgre\Connection.php on line 200.
 1 [internal function]: CodeIgniter\Debug\Exceptions->errorHandler(2, 'pg_query(): Query failed: ERROR:  operator does not exist: integer = character varying
LINE 9: ... JOIN gis_bengkel.tbl_provinsi p ON b.id_provinsi = p.id_pro...
                                                             ^
HINT:  No operator matches the given name and argument types. You might need to add explicit type casts.', 'C:\\laragon\\www\\gis_bengkel\\system\\Database\\Postgre\\Connection.php', 200)
 2 SYSTEMPATH\Database\Postgre\Connection.php(200): pg_query(Object(PgSql\Connection), '
            SELECT b.*, 
                   p.nama_provinsi,
                   k.nama_kabupaten,
                   kc.nama_kecamatan,
                   w.nama_wilayah,
                   w.geojson
            FROM gis_bengkel.tbl_bengkel b
            LEFT JOIN gis_bengkel.tbl_provinsi p ON b.id_provinsi = p.id_provinsi
            LEFT JOIN gis_bengkel.tbl_kabupaten k ON b.id_kabupaten = k.id_kabupaten
            LEFT JOIN gis_bengkel.tbl_kecamatan kc ON b.id_kecamatan = kc.id_kecamatan
            LEFT JOIN gis_bengkel.tbl_wilayah w ON b.id_wilayah = w.id_wilayah
            WHERE b.id_bengkel = 1
        ')
 3 SYSTEMPATH\Database\BaseConnection.php(910): CodeIgniter\Database\Postgre\Connection->execute('
            SELECT b.*, 
                   p.nama_provinsi,
                   k.nama_kabupaten,
                   kc.nama_kecamatan,
                   w.nama_wilayah,
                   w.geojson
            FROM gis_bengkel.tbl_bengkel b
            LEFT JOIN gis_bengkel.tbl_provinsi p ON b.id_provinsi = p.id_provinsi
            LEFT JOIN gis_bengkel.tbl_kabupaten k ON b.id_kabupaten = k.id_kabupaten
            LEFT JOIN gis_bengkel.tbl_kecamatan kc ON b.id_kecamatan = kc.id_kecamatan
            LEFT JOIN gis_bengkel.tbl_wilayah w ON b.id_wilayah = w.id_wilayah
            WHERE b.id_bengkel = 1
        ')
 4 SYSTEMPATH\Database\BaseConnection.php(827): CodeIgniter\Database\BaseConnection->simpleQuery('
            SELECT b.*, 
                   p.nama_provinsi,
                   k.nama_kabupaten,
                   kc.nama_kecamatan,
                   w.nama_wilayah,
                   w.geojson
            FROM gis_bengkel.tbl_bengkel b
            LEFT JOIN gis_bengkel.tbl_provinsi p ON b.id_provinsi = p.id_provinsi
            LEFT JOIN gis_bengkel.tbl_kabupaten k ON b.id_kabupaten = k.id_kabupaten
            LEFT JOIN gis_bengkel.tbl_kecamatan kc ON b.id_kecamatan = kc.id_kecamatan
            LEFT JOIN gis_bengkel.tbl_wilayah w ON b.id_wilayah = w.id_wilayah
            WHERE b.id_bengkel = 1
        ')
 5 APPPATH\Controllers\Api\Bengkel.php(39): CodeIgniter\Database\BaseConnection->query('
            SELECT b.*, 
                   p.nama_provinsi,
                   k.nama_kabupaten,
                   kc.nama_kecamatan,
                   w.nama_wilayah,
                   w.geojson
            FROM gis_bengkel.tbl_bengkel b
            LEFT JOIN gis_bengkel.tbl_provinsi p ON b.id_provinsi = p.id_provinsi
            LEFT JOIN gis_bengkel.tbl_kabupaten k ON b.id_kabupaten = k.id_kabupaten
            LEFT JOIN gis_bengkel.tbl_kecamatan kc ON b.id_kecamatan = kc.id_kecamatan
            LEFT JOIN gis_bengkel.tbl_wilayah w ON b.id_wilayah = w.id_wilayah
            WHERE b.id_bengkel = 1
        ')
 6 SYSTEMPATH\CodeIgniter.php(951): App\Controllers\Api\Bengkel->show('1')
 7 SYSTEMPATH\CodeIgniter.php(497): CodeIgniter\CodeIgniter->runController(Object(App\Controllers\Api\Bengkel))
 8 SYSTEMPATH\CodeIgniter.php(340): CodeIgniter\CodeIgniter->handleRequest(null, Object(Config\Cache), false)
 9 SYSTEMPATH\Boot.php(417): CodeIgniter\CodeIgniter->run()
10 SYSTEMPATH\Boot.php(68): CodeIgniter\Boot::runCodeIgniter(Object(CodeIgniter\CodeIgniter))
11 FCPATH\index.php(59): CodeIgniter\Boot::bootWeb(Object(Config\Paths))
